src/components/Assessments/CVDAssessment.tsx(75,9): error TS6133: 'user' is declared but its value is never read.
src/components/Assessments/DASS21Assessment.tsx(80,9): error TS6133: 'user' is declared but its value is never read.
src/components/Assessments/GAD7Assessment.tsx(60,9): error TS6133: 'user' is declared but its value is never read.
src/components/Assessments/PHQ9Assessment.tsx(62,9): error TS6133: 'user' is declared but its value is never read.
src/components/Doctor/DoctorAnalytics.tsx(2,1): error TS6133: 'useAuth' is declared but its value is never read.
src/components/Doctor/DoctorAnalytics.tsx(34,26): error TS2345: Argument of type 'unknown' is not assignable to parameter of type 'SetStateAction<Analytics | null>'.
src/components/Doctor/TreatmentPlans.tsx(50,22): error TS2345: Argument of type 'unknown' is not assignable to parameter of type 'SetStateAction<TreatmentPlan[]>'.
src/components/Patient/DemographicsForm.tsx(131,9): error TS6133: 'user' is declared but its value is never read.
src/components/Shared/EmergencyAlerts.tsx(3,51): error TS6133: 'X' is declared but its value is never read.
src/components/Shared/EmergencyAlerts.tsx(26,33): error TS6133: 'userRole' is declared but its value is never read.
src/components/Shared/EmergencyAlerts.tsx(41,23): error TS2345: Argument of type 'unknown' is not assignable to parameter of type 'SetStateAction<EmergencyAlert[]>'.
src/components/Shared/VideoConsultation.tsx(11,45): error TS6133: 'userName' is declared but its value is never read.
src/components/Shared/VideoConsultation.tsx(13,26): error TS6133: 'setRemoteStream' is declared but its value is never read.
src/components/TherapySessionPlayer.tsx(3,46): error TS6133: 'Volume2' is declared but its value is never read.
src/components/TherapySessionPlayer.tsx(3,74): error TS6133: 'Mic' is declared but its value is never read.
src/components/TherapySessionPlayer.tsx(3,79): error TS6133: 'MicOff' is declared but its value is never read.
src/components/TherapySessionPlayer.tsx(95,12): error TS6133: 'userResponse' is declared but its value is never read.
src/components/TherapySessionPlayer.tsx(96,12): error TS6133: 'speechError' is declared but its value is never read.
src/components/TherapySessionPlayer.tsx(98,12): error TS6133: 'autoStartAttempted' is declared but its value is never read.
src/components/TherapySessionPlayer.tsx(99,24): error TS6133: 'setSpeechRate' is declared but its value is never read.
src/components/TherapySessionPlayer.tsx(100,25): error TS6133: 'setSpeechPitch' is declared but its value is never read.
src/components/TherapySessionPlayer.tsx(168,9): error TS6133: 'transcript' is declared but its value is never read.
src/components/TherapySessionPlayer.tsx(169,9): error TS6133: 'finalTranscript' is declared but its value is never read.
src/components/TherapySessionPlayer.tsx(170,20): error TS6133: 'recognitionSupported' is declared but its value is never read.
src/components/TherapySessionPlayer.tsx(385,11): error TS6133: 'toggleListening' is declared but its value is never read.
src/hooks/useSpeechRecognition.ts(8,21): error TS2552: Cannot find name 'SpeechRecognitionErrorEvent'. Did you mean 'SpeechRecognitionResult'?
src/hooks/useSpeechRecognition.ts(44,33): error TS2304: Cannot find name 'SpeechRecognition'.
src/hooks/useSpeechRecognition.ts(70,36): error TS2552: Cannot find name 'SpeechRecognitionEvent'. Did you mean 'SpeechRecognitionResult'?
src/hooks/useSpeechRecognition.ts(93,35): error TS2552: Cannot find name 'SpeechRecognitionErrorEvent'. Did you mean 'SpeechRecognitionResult'?
src/pages/TherapyJourney.tsx(5,26): error TS6133: 'Clock' is declared but its value is never read.
src/pages/TherapyJourney.tsx(5,33): error TS6133: 'ChevronRight' is declared but its value is never read.
src/pages/TherapyJourney.tsx(27,27): error TS2345: Argument of type 'unknown' is not assignable to parameter of type 'SetStateAction<ResourceCategory[]>'.
